30x13
R1E,R1E,R1E,R1E,R1E,R1E,R1E,R1E,R1E,R1E,R1E,R1E,R1E,R1E,R1E,R1E,R1E,R1E,R1E,R1E,R1E,R1E,R1E,R1E,R1E,R1E,R1E,R1E,R1E,R1S
T1N,...,...,...,...,...,...,...,...,...,...,...,...,...,...,...,...,...,...,...,...,...,...,...,...,...,...,...,...,T4S
T1N,...,...,...,...,...,...,...,...,...,...,...,...,...,...,...,...,...,...,...,...,...,...,...,...,...,...,...,...,T4S
T1N,...,...,...,...,...,...,...,...,...,...,...,...,...,...,...,...,...,...,...,...,...,...,...,...,...,...,...,...,T4S
T1N,...,...,...,...,...,...,...,...,...,...,...,...,...,...,...,...,...,...,...,...,...,...,...,...,...,...,...,...,T4S
T1N,...,...,...,...,...,...,...,...,...,...,...,...,...,...,...,...,...,...,...,...,...,...,...,...,...,...,...,...,T4S
T7N,T7W,T7W,T7W,T7W,T7W,T7W,T7W,T7W,T7W,T7W,T7W,T7W,T7W,T7W,T7W,T7W,T7W,T7W,T7W,T7W,T7W,T7W,T7W,T7W,T7W,T7W,T7W,T7W,T7W
...,...,...,...,...,MAS,...,...,MAS,...,...,MAS,...,...,...,...,...,MBS,...,...,MBS,...,...,MBS,...,...,...,...,...,...
...,...,...,...,...,MAS,...,...,MAS,...,...,MAS,...,...,...,...,...,MBS,...,...,MBS,...,...,MBS,...,...,...,...,...,...
...,...,...,...,...,MAS,...,...,MAS,...,...,MAS,...,...,...,...,...,MBS,...,...,MBS,...,...,MBS,...,...,...,...,...,...
...,...,...,...,...,G1X,...,...,G2X,...,...,G3X,...,...,...,...,...,G4X,...,...,G5X,...,...,G6X,...,...,...,...,...,...
